// Jest Snapshot v1, https://goo.gl/fbAQLP

exports[`Fragments: Detail.js It should render Detail screen 1`] = `
<div>
  <div
    class="MuiPaper-root MuiPaper-elevation0 MuiCard-root makeStyles-card-1 MuiPaper-rounded"
  >
    <div
      class="MuiCardHeader-root"
    >
      <div
        class="MuiCardHeader-content"
      />
      <div
        class="MuiCardHeader-action"
      >
        <button
          aria-label="Settings"
          class="MuiButtonBase-root MuiIconButton-root"
          tabindex="0"
          type="button"
        >
          <span
            class="MuiIconButton-label"
          >
            <svg
              aria-hidden="true"
              class="MuiSvgIcon-root"
              focusable="false"
              role="presentation"
              viewBox="0 0 24 24"
            >
              <path
                d="M0 0h24v24H0z"
                fill="none"
              />
              <path
                d="M12 8c1.1 0 2-.9 2-2s-.9-2-2-2-2 .9-2 2 .9 2 2 2zm0 2c-1.1 0-2 .9-2 2s.9 2 2 2 2-.9 2-2-.9-2-2-2zm0 6c-1.1 0-2 .9-2 2s.9 2 2 2 2-.9 2-2-.9-2-2-2z"
              />
            </svg>
          </span>
          <span
            class="MuiTouchRipple-root"
          />
        </button>
      </div>
    </div>
    <div
      class="MuiCardContent-root"
    >
      <div
        class="makeStyles-imageContainer-2"
      >
        <div
          style="fill: currentColor; width: 100%; color: rgb(30, 215, 96);"
        >
          <svg
            role="img"
            viewBox="0 0 24 24"
            xmlns="http://www.w3.org/2000/svg"
          >
            <title>
              Spotify icon
            </title>
            <path
              d="M12 0C5.4 0 0 5.4 0 12s5.4 12 12 12 12-5.4 12-12S18.66 0 12 0zm5.521 17.34c-.24.359-.66.48-1.021.24-2.82-1.74-6.36-2.101-10.561-1.141-.418.122-.779-.179-.899-.539-.12-.421.18-.78.54-.9 4.56-1.021 8.52-.6 11.64 1.32.42.18.479.659.301 1.02zm1.44-3.3c-.301.42-.841.6-1.262.3-3.239-1.98-8.159-2.58-11.939-1.38-.479.12-1.02-.12-1.14-.6-.12-.48.12-1.021.6-1.141C9.6 9.9 15 10.561 18.72 12.84c.361.181.54.78.241 1.2zm.12-3.36C15.24 8.4 8.82 8.16 5.16 9.301c-.6.179-1.2-.181-1.38-.721-.18-.601.18-1.2.72-1.381 4.26-1.26 11.28-1.02 15.721 1.621.539.3.719 1.02.419 1.56-.299.421-1.02.599-1.559.3z"
            />
          </svg>
        </div>
      </div>
      <h4
        class="MuiTypography-root makeStyles-pos-3 MuiTypography-h4"
      >
        Spotify
      </h4>
      <p
        class="MuiTypography-root MuiTypography-body1"
      >
        IDRÂ 0
        /
      </p>
      <p
        class="MuiTypography-root MuiTypography-body2"
      >
        Sejak 
        10 August 2019
      </p>
    </div>
    <div />
  </div>
</div>
`;
