// Jest Snapshot v1, https://goo.gl/fbAQLP

exports[`Fragments: Navbar.js It should render Navbar screen 1`] = `
<div>
  <div
    class="makeStyles-root-3"
  >
    <header
      class="MuiPaper-root MuiPaper-elevation4 MuiAppBar-root MuiAppBar-positionStatic MuiAppBar-colorPrimary"
    >
      <div
        class="PrivateSwipeArea-root-81 PrivateSwipeArea-anchorLeft-82"
        style="width: 20px;"
      />
      <div
        class="MuiToolbar-root MuiToolbar-regular MuiToolbar-gutters"
      >
        <button
          aria-label="Menu"
          class="MuiButtonBase-root MuiIconButton-root MuiIconButton-colorInherit MuiIconButton-edgeStart"
          tabindex="0"
          type="button"
        >
          <span
            class="MuiIconButton-label"
          >
            <svg
              aria-hidden="true"
              class="MuiSvgIcon-root"
              focusable="false"
              role="presentation"
              viewBox="0 0 24 24"
            >
              <path
                d="M0 0h24v24H0z"
                fill="none"
              />
              <path
                d="M3 18h18v-2H3v2zm0-5h18v-2H3v2zm0-7v2h18V6H3z"
              />
            </svg>
          </span>
          <span
            class="MuiTouchRipple-root"
          />
        </button>
        <div
          class="makeStyles-logoContainer-6"
        >
          <img
            alt="nadya logo"
            class="makeStyles-logoType-7"
            src="logotype.png"
          />
        </div>
      </div>
    </header>
  </div>
</div>
`;
