// Jest Snapshot v1, https://goo.gl/fbAQLP

exports[`Fragments: Pick.js It should render Pick screen 1`] = `
<div
  aria-hidden="true"
/>
`;
